Ôû▓ Next.js 16.1.6 (Turbopack)
- Environments: .env.local, .env
- Experiments (use with caution):
  ┬À serverActions

  Creating an optimized production build ...
Ô£ô Compiled successfully in 12.9s
  Skipping validation of types
  Collecting page data using 19 workers ...
  Generating static pages using 19 workers (0/9) ...
  Generating static pages using 19 workers (2/9) 
  Generating static pages using 19 workers (4/9) 
  Generating static pages using 19 workers (6/9) 
Ô£ô Generating static pages using 19 workers (9/9) in 397.8ms
  Finalizing page optimization ...

Route (app)
Ôöî ãÆ /
Ôö£ Ôùï /_not-found
Ôö£ Ôùï /admin
Ôö£ ãÆ /admin/accountants
Ôö£ ãÆ /admin/admissions
Ôö£ ãÆ /admin/admissions/[id]
Ôö£ ãÆ /admin/admissions/[id]/edit
Ôö£ ãÆ /admin/admissions/[id]/view
Ôö£ ãÆ /admin/audit-logs
Ôö£ ãÆ /admin/client-users
Ôö£ ãÆ /admin/clients
Ôö£ ãÆ /admin/clients/[id]/edit
Ôö£ ãÆ /admin/clients/new
Ôö£ ãÆ /admin/contabilidade/faturamento
Ôö£ ãÆ /admin/contabilidade/faturamento-sn
Ôö£ ãÆ /admin/dashboard
Ôö£ ãÆ /admin/dismissals
Ôö£ ãÆ /admin/dismissals/[id]/edit
Ôö£ ãÆ /admin/dismissals/[id]/view
Ôö£ ãÆ /admin/dismissals/new
Ôö£ ãÆ /admin/employees
Ôö£ ãÆ /admin/employees/[id]
Ôö£ ãÆ /admin/employees/[id]/edit
Ôö£ ãÆ /admin/employees/new
Ôö£ ãÆ /admin/fiscal
Ôö£ ãÆ /admin/fiscal/simples-nacional
Ôö£ ãÆ /admin/fiscal/simples-nacional/anexos
Ôö£ ãÆ /admin/fiscal/simples-nacional/fator-r
Ôö£ ãÆ /admin/fiscal/simples-nacional/faturamento
Ôö£ ãÆ /admin/fiscal/tabela-imposto-renda
Ôö£ ãÆ /admin/fiscal/tabela-inss
Ôö£ ãÆ /admin/integrations
Ôö£ ãÆ /admin/integrations/digisac
Ôö£ ãÆ /admin/integrations/eklesia
Ôö£ ãÆ /admin/integrations/enuves
Ôö£ ãÆ /admin/integrations/questor
Ôö£ ãÆ /admin/leaves
Ôö£ ãÆ /admin/leaves/[id]/edit
Ôö£ ãÆ /admin/leaves/[id]/view
Ôö£ ãÆ /admin/permissions
Ôö£ ãÆ /admin/pessoa-fisica
Ôö£ ãÆ /admin/pessoa-fisica/imposto-renda
Ôö£ ãÆ /admin/pessoa-fisica/imposto-renda/[id]
Ôö£ ãÆ /admin/pessoa-fisica/imposto-renda/novo
Ôö£ ãÆ /admin/profile
Ôö£ ãÆ /admin/registrations/departments
Ôö£ ãÆ /admin/registrations/departments/[id]/edit
Ôö£ ãÆ /admin/settings
Ôö£ ãÆ /admin/settings/access-schedules
Ôö£ ãÆ /admin/settings/access-schedules/[id]/edit
Ôö£ ãÆ /admin/settings/access-schedules/new
Ôö£ ãÆ /admin/societario
Ôö£ ãÆ /admin/societario/contratos
Ôö£ ãÆ /admin/societario/contratos/new
Ôö£ ãÆ /admin/societario/processos
Ôö£ ãÆ /admin/societario/processos/[id]/edit
Ôö£ ãÆ /admin/societario/processos/[id]/view
Ôö£ ãÆ /admin/societario/processos/new
Ôö£ ãÆ /admin/socios
Ôö£ ãÆ /admin/socios/[id]/edit
Ôö£ ãÆ /admin/socios/new
Ôö£ ãÆ /admin/system-logs
Ôö£ ãÆ /admin/team
Ôö£ ãÆ /admin/tickets
Ôö£ ãÆ /admin/tickets/[id]
Ôö£ ãÆ /admin/tickets/categories
Ôö£ ãÆ /admin/transfers
Ôö£ ãÆ /admin/transfers/[id]/edit
Ôö£ ãÆ /admin/transfers/[id]/view
Ôö£ ãÆ /admin/vacations
Ôö£ ãÆ /admin/vacations/[id]/edit
Ôö£ ãÆ /admin/vacations/[id]/view
Ôö£ ãÆ /admin/vacations/new
Ôö£ ãÆ /api/admin/audit-logs/export
Ôö£ ãÆ /api/admin/questor/diagnose
Ôö£ ãÆ /api/admin/questor/proxy
Ôö£ ãÆ /api/auth/cleanup
Ôö£ ãÆ /api/cep
Ôö£ ãÆ /api/debug-questor
Ôö£ ãÆ /api/download/[id]
Ôö£ ãÆ /api/downloads/[filename]
Ôö£ ãÆ /api/reports/ethnic-racial
Ôö£ ãÆ /api/webviewClick
Ôö£ ãÆ /app
Ôö£ ãÆ /app/admissions
Ôö£ ãÆ /app/admissions/[id]/edit
Ôö£ ãÆ /app/admissions/[id]/view
Ôö£ ãÆ /app/admissions/new
Ôö£ ãÆ /app/dismissals
Ôö£ ãÆ /app/dismissals/[id]/edit
Ôö£ ãÆ /app/dismissals/[id]/view
Ôö£ ãÆ /app/dismissals/new
Ôö£ ãÆ /app/leaves
Ôö£ ãÆ /app/leaves/[id]/edit
Ôö£ ãÆ /app/leaves/[id]/view
Ôö£ ãÆ /app/leaves/new
Ôö£ ãÆ /app/profile
Ôö£ ãÆ /app/transfers
Ôö£ ãÆ /app/transfers/[id]/edit
Ôö£ ãÆ /app/transfers/[id]/view
Ôö£ ãÆ /app/transfers/new
Ôö£ ãÆ /app/vacations
Ôö£ ãÆ /app/vacations/[id]/edit
Ôö£ ãÆ /app/vacations/[id]/view
Ôö£ ãÆ /app/vacations/new
Ôö£ Ôùï /change-password
Ôöö ãÆ /login


ãÆ Proxy (Middleware)

Ôùï  (Static)   prerendered as static content
ãÆ  (Dynamic)  server-rendered on demand

