
> vision@0.1.0 build
> next build --debug

npm : Ô¿» Unable to acquire lock at D:\PILOTO\VISION\.next\lock, is another 
instance of next build running?
No linha:1 caractere:1
+ npm run build > build_output.txt 2>&1
+ ~~~~~~~~~~~~~~~~~~~~~~~~~~~~~~~~~~~~~
    + CategoryInfo          : NotSpecified: (Ô¿» Unable to a... build running? 
   :String) [], RemoteException
    + FullyQualifiedErrorId : NativeCommandError
 
  Suggestion: If you intended to restart next build, terminate the other process, and then try again.
